
> infoapi@1.10.1 test
> jest

